Starting COMPREHENSIVE registration tests for 22 events on port 3000...
TEST_ID: AI_TEST_1775798958089

Testing Event: ROBOWAR (15KG) (robowar-15kg)
  Status: 200 Γ£à
-----------------------------------
Testing Event: ROBOWAR (8KGS) (robowar-8kgs)
  Status: 200 Γ£à
-----------------------------------
Testing Event: ROBOWAR (3LBS) (robowar-3lbs)
  Status: 200 Γ£à
-----------------------------------
Testing Event: ROBO NEXUS (robo-nexus)
  Status: 200 Γ£à
-----------------------------------
Testing Event: CYBER STRIKE (cyber-strike)
  Status: 200 Γ£à
-----------------------------------
Testing Event: GRID RUNNER (grid-runner)
  Status: 200 Γ£à
-----------------------------------
Testing Event: SANTO DOMINGO RACE (santo-domingo-race)
  Status: 200 Γ£à
-----------------------------------
Testing Event: CYBER TUG (cyber-tug)
  Status: 200 Γ£à
-----------------------------------
Testing Event: ESCAPE THE MATRIX (escape-the-matrix)
  Status: 200 Γ£à
-----------------------------------
Testing Event: INNOVIBE (innovibe)
  Status: 200 Γ£à
-----------------------------------
Testing Event: KABUKI ROUNDABOUT (kabuki-roundabout)
  Status: 200 Γ£à
-----------------------------------
Testing Event: NEON SPAN (neon-span)
  Status: 200 Γ£à
-----------------------------------
Testing Event: GHOSTGRID (ghostgrid)
  Status: 200 Γ£à
-----------------------------------
Testing Event: CIRCUIT BREACH (circuit-breach)
